\BOOKMARK [1][]{section.1}{\376\377\000N\000o\000t\000a\000t\000i\000o\000n\000\040\000a\000n\000d\000\040\000C\000o\000n\000v\000e\000n\000t\000i\000o\000n\000s}{}% 1
\BOOKMARK [1][]{section.2}{\376\377\000S\000y\000s\000t\000e\000m\000\040\000O\000v\000e\000r\000v\000i\000e\000w}{}% 2
\BOOKMARK [1][]{section.3}{\376\377\000D\000a\000t\000a\000\040\000P\000i\000p\000e\000l\000i\000n\000e\000\040\000a\000n\000d\000\040\000F\000e\000a\000t\000u\000r\000e\000\040\000E\000n\000g\000i\000n\000e\000e\000r\000i\000n\000g}{}% 3
\BOOKMARK [2][]{subsection.3.1}{\376\377\000P\000r\000i\000c\000e\000\040\000l\000o\000a\000d\000i\000n\000g\000\040\000a\000n\000d\000\040\000l\000o\000g\000\040\000r\000e\000t\000u\000r\000n\000s}{section.3}% 4
\BOOKMARK [2][]{subsection.3.2}{\376\377\000T\000h\000e\000\040\000f\000e\000a\000t\000u\000r\000e\000\040\000c\000a\000t\000a\000l\000o\000g}{section.3}% 5
\BOOKMARK [2][]{subsection.3.3}{\376\377\000S\000t\000a\000n\000d\000a\000r\000d\000i\000z\000a\000t\000i\000o\000n}{section.3}% 6
\BOOKMARK [1][]{section.4}{\376\377\000S\000e\000q\000u\000e\000n\000c\000e\000\040\000C\000o\000n\000s\000t\000r\000u\000c\000t\000i\000o\000n\000\040\000a\000n\000d\000\040\000L\000a\000b\000e\000l\000s}{}% 7
\BOOKMARK [2][]{subsection.4.1}{\376\377\000T\000h\000e\000\040\000f\000o\000r\000w\000a\000r\000d\000\040\000z\000-\000s\000c\000o\000r\000e\000\040\000l\000a\000b\000e\000l}{section.4}% 8
\BOOKMARK [2][]{subsection.4.2}{\376\377\000D\000e\000n\000s\000e\000,\000\040\000p\000e\000r\000-\000d\000a\000y\000\040\000s\000u\000p\000e\000r\000v\000i\000s\000i\000o\000n\000\040\000w\000i\000t\000h\000i\000n\000\040\000e\000a\000c\000h\000\040\000w\000i\000n\000d\000o\000w}{section.4}% 9
\BOOKMARK [2][]{subsection.4.3}{\376\377\000C\000h\000r\000o\000n\000o\000l\000o\000g\000i\000c\000a\000l\000\040\000s\000p\000l\000i\000t\000,\000\040\000a\000n\000d\000\040\000p\000u\000r\000g\000e\000/\000e\000m\000b\000a\000r\000g\000o\000\040\000a\000t\000\040\000e\000a\000c\000h\000\040\000b\000o\000u\000n\000d\000a\000r\000y}{section.4}% 10
\BOOKMARK [1][]{section.5}{\376\377\000A\000s\000s\000e\000t\000L\000S\000T\000M\000:\000\040\000O\000n\000e\000\040\000A\000s\000s\000e\000t\000'\000s\000\040\000I\000n\000d\000e\000p\000e\000n\000d\000e\000n\000t\000\040\000P\000r\000e\000d\000i\000c\000t\000o\000r}{}% 11
\BOOKMARK [2][]{subsection.5.1}{\376\377\000C\000a\000u\000s\000a\000l\000\040\000s\000e\000l\000f\000-\000a\000t\000t\000e\000n\000t\000i\000o\000n}{section.5}% 12
\BOOKMARK [2][]{subsection.5.2}{\376\377\000T\000h\000e\000\040\000h\000e\000t\000e\000r\000o\000s\000c\000e\000d\000a\000s\000t\000i\000c\000\040\000h\000e\000a\000d}{section.5}% 13
\BOOKMARK [1][]{section.6}{\376\377\000P\000r\000e\000d\000i\000c\000t\000i\000o\000n\000M\000o\000d\000e\000l\000:\000\040\000N\000\040\000A\000s\000s\000e\000t\000s\000\040\000a\000s\000\040\000O\000n\000e\000\040\000P\000e\000r\000s\000i\000s\000t\000a\000b\000l\000e\000\040\000U\000n\000i\000t}{}% 14
\BOOKMARK [2][]{subsection.6.1}{\376\377\000c\000r\000o\000s\000s\000\137\000p\000a\000i\000r\000s\000:\000\040\000o\000p\000t\000-\000i\000n\000,\000\040\000p\000e\000r\000-\000p\000a\000i\000r\000\040\000i\000n\000p\000u\000t\000\040\000w\000i\000d\000e\000n\000i\000n\000g}{section.6}% 15
\BOOKMARK [1][]{section.7}{\376\377\000L\000o\000s\000s\000\040\000F\000u\000n\000c\000t\000i\000o\000n\000s}{}% 16
\BOOKMARK [2][]{subsection.7.1}{\376\377\000G\000a\000u\000s\000s\000i\000a\000n\000\040\000n\000e\000g\000a\000t\000i\000v\000e\000\040\000l\000o\000g\000-\000l\000i\000k\000e\000l\000i\000h\000o\000o\000d}{section.7}% 17
\BOOKMARK [2][]{subsection.7.2}{\376\377\000T\000h\000e\000\040\000d\000i\000r\000e\000c\000t\000i\000o\000n\000\040\000a\000n\000t\000i\000-\000c\000o\000l\000l\000a\000p\000s\000e\000\040\000t\000e\000r\000m}{section.7}% 18
\BOOKMARK [2][]{subsection.7.3}{\376\377\000T\000h\000e\000\040\000p\000r\000o\000b\000i\000t\000\040\000l\000i\000n\000k}{section.7}% 19
\BOOKMARK [1][]{section.8}{\376\377\000T\000r\000a\000i\000n\000i\000n\000g\000:\000\040\000F\000u\000l\000l\000y\000\040\000I\000n\000d\000e\000p\000e\000n\000d\000e\000n\000t\000\040\000p\000e\000r\000\040\000A\000s\000s\000e\000t}{}% 20
\BOOKMARK [2][]{subsection.8.1}{\376\377\000P\000e\000r\000-\000a\000s\000s\000e\000t\000\040\000c\000h\000e\000c\000k\000p\000o\000i\000n\000t\000\040\000s\000e\000l\000e\000c\000t\000i\000o\000n}{section.8}% 21
\BOOKMARK [2][]{subsection.8.2}{\376\377\000M\000u\000l\000t\000i\000-\000s\000e\000e\000d\000\040\000r\000e\000s\000t\000a\000r\000t\000s\000,\000\040\000a\000n\000d\000\040\000s\000w\000e\000e\000p\000i\000n\000g\000\040\000b\000c\000e\000\137\000w\000e\000i\000g\000h\000t}{section.8}% 22
\BOOKMARK [2][]{subsection.8.3}{\376\377\000N\000u\000m\000e\000r\000i\000c\000a\000l\000\040\000s\000a\000f\000e\000t\000y\000:\000\040\000i\000m\000m\000e\000d\000i\000a\000t\000e\000\040\000f\000a\000i\000l\000u\000r\000e\000\040\000o\000n\000\040\000a\000\040\000n\000o\000n\000-\000f\000i\000n\000i\000t\000e\000\040\000g\000r\000a\000d\000i\000e\000n\000t}{section.8}% 23
\BOOKMARK [1][]{section.9}{\376\377\000C\000a\000l\000i\000b\000r\000a\000t\000i\000o\000n}{}% 24
\BOOKMARK [1][]{section.10}{\376\377\000T\000h\000e\000\040\000N\000e\000u\000t\000r\000a\000l\000\040\000B\000a\000n\000d\000\040\000a\000n\000d\000\040\000C\000o\000n\000f\000u\000s\000i\000o\000n\000-\000M\000a\000t\000r\000i\000x\000\040\000M\000e\000t\000r\000i\000c\000s}{}% 25
\BOOKMARK [1][]{section.11}{\376\377\000P\000o\000r\000t\000f\000o\000l\000i\000o\000\040\000C\000o\000n\000s\000t\000r\000u\000c\000t\000i\000o\000n\000:\000\040\000A\000\040\000R\000i\000s\000k\000-\000P\000a\000r\000i\000t\000y\000\040\000O\000v\000e\000r\000l\000a\000y}{}% 26
\BOOKMARK [2][]{subsection.11.1}{\376\377\000E\000q\000u\000a\000l\000-\000r\000i\000s\000k\000-\000c\000o\000n\000t\000r\000i\000b\000u\000t\000i\000o\000n\000\040\000\050\000r\000i\000s\000k\000\040\000p\000a\000r\000i\000t\000y\000\051\000\040\000w\000e\000i\000g\000h\000t\000s}{section.11}% 27
\BOOKMARK [2][]{subsection.11.2}{\376\377\000P\000r\000o\000b\000a\000b\000i\000l\000i\000t\000y\000\040\000m\000o\000d\000u\000l\000a\000t\000i\000o\000n}{section.11}% 28
\BOOKMARK [2][]{subsection.11.3}{\376\377\000H\000o\000r\000i\000z\000o\000n\000\040\000s\000m\000o\000o\000t\000h\000i\000n\000g\000:\000\040\000w\000h\000y\000\040\000t\000h\000e\000\040\000p\000r\000o\000d\000u\000c\000t\000,\000\040\000n\000o\000t\000\040\000t\000h\000e\000\040\000s\000i\000g\000n\000a\000l\000,\000\040\000g\000e\000t\000s\000\040\000a\000v\000e\000r\000a\000g\000e\000d}{section.11}% 29
\BOOKMARK [2][]{subsection.11.4}{\376\377\000T\000a\000r\000g\000e\000t\000-\000v\000o\000l\000a\000t\000i\000l\000i\000t\000y\000\040\000s\000c\000a\000l\000i\000n\000g}{section.11}% 30
\BOOKMARK [1][]{section.12}{\376\377\000O\000p\000t\000i\000o\000n\000a\000l\000\040\000C\000o\000m\000p\000l\000e\000m\000e\000n\000t\000a\000r\000y\000\040\000O\000b\000j\000e\000c\000t\000i\000v\000e\000:\000\040\000T\000r\000a\000i\000n\000i\000n\000g\000\040\000o\000n\000\040\000P\000o\000r\000t\000f\000o\000l\000i\000o\000\040\000S\000h\000a\000r\000p\000e}{}% 31
\BOOKMARK [2][]{subsection.12.1}{\376\377\000W\000h\000y\000\040\000t\000h\000i\000s\000\040\000c\000a\000n\000n\000o\000t\000\040\000b\000e\000\040\000p\000e\000r\000-\000a\000s\000s\000e\000t}{section.12}% 32
\BOOKMARK [2][]{subsection.12.2}{\376\377\000T\000h\000e\000\040\000j\000o\000i\000n\000t\000\040\000t\000r\000a\000i\000n\000i\000n\000g\000\040\000p\000h\000a\000s\000e}{section.12}% 33
\BOOKMARK [2][]{subsection.12.3}{\376\377\000V\000a\000l\000i\000d\000a\000t\000i\000o\000n\000\040\000s\000e\000l\000e\000c\000t\000i\000o\000n\000\040\000u\000s\000e\000s\000\040\000t\000h\000e\000\040\000s\000a\000m\000e\000\040\000c\000o\000m\000p\000o\000s\000i\000t\000e\000\040\000o\000b\000j\000e\000c\000t\000i\000v\000e}{section.12}% 34
\BOOKMARK [2][]{subsection.12.4}{\376\377\000E\000m\000p\000i\000r\000i\000c\000a\000l\000\040\000v\000e\000r\000i\000f\000i\000c\000a\000t\000i\000o\000n\000\040\000o\000f\000\040\000t\000h\000e\000\040\000c\000r\000o\000s\000s\000-\000a\000s\000s\000e\000t\000\040\000c\000o\000u\000p\000l\000i\000n\000g}{section.12}% 35
\BOOKMARK [1][]{section.13}{\376\377\000R\000e\000s\000u\000l\000t\000s}{}% 36
\BOOKMARK [2][]{subsection.13.1}{\376\377\000A\000s\000s\000e\000t\000\040\000s\000e\000l\000e\000c\000t\000i\000o\000n}{section.13}% 37
\BOOKMARK [2][]{subsection.13.2}{\376\377\000M\000o\000d\000e\000l\000\040\000m\000o\000d\000e\000s}{section.13}% 38
\BOOKMARK [2][]{subsection.13.3}{\376\377\000D\000i\000r\000e\000c\000t\000i\000o\000n\000a\000l\000\040\000h\000i\000t\000\040\000r\000a\000t\000e}{section.13}% 39
\BOOKMARK [2][]{subsection.13.4}{\376\377\000C\000o\000n\000f\000u\000s\000i\000o\000n\000\040\000m\000a\000t\000r\000i\000x\000\040\000\050\000m\000o\000d\000e\000\040\000C\000,\000\040\000t\000e\000s\000t\000\040\000s\000p\000l\000i\000t\000\051}{section.13}% 40
\BOOKMARK [2][]{subsection.13.5}{\376\377\000P\000o\000r\000t\000f\000o\000l\000i\000o\000\040\000S\000h\000a\000r\000p\000e\000:\000\040\000m\000o\000d\000u\000l\000a\000t\000e\000d\000\040\000v\000s\000.\000\040\000r\000i\000s\000k\000-\000p\000a\000r\000i\000t\000y\000\040\000b\000a\000s\000e\000l\000i\000n\000e}{section.13}% 41
\BOOKMARK [2][]{subsection.13.6}{\376\377\000C\000o\000l\000o\000r\000e\000d\000\040\000c\000u\000m\000u\000l\000a\000t\000i\000v\000e\000\040\000r\000e\000t\000u\000r\000n\000\040\000a\000n\000d\000\040\000p\000r\000e\000d\000i\000c\000t\000e\000d\000\040\000p\000r\000o\000b\000a\000b\000i\000l\000i\000t\000y\000\040\000\050\000m\000o\000d\000e\000\040\000C\000,\000\040\000t\000e\000s\000t\000,\000\040\000E\000U\000R\000U\000S\000D\000\051}{section.13}% 42
\BOOKMARK [2][]{subsection.13.7}{\376\377\000H\000o\000n\000e\000s\000t\000\040\000l\000i\000m\000i\000t\000a\000t\000i\000o\000n\000s\000\040\000o\000f\000\040\000t\000h\000i\000s\000\040\000r\000e\000s\000u\000l\000t\000s\000\040\000s\000e\000c\000t\000i\000o\000n}{section.13}% 43
\BOOKMARK [1][]{section.14}{\376\377\000C\000o\000n\000f\000i\000g\000u\000r\000a\000t\000i\000o\000n\000\040\000R\000e\000f\000e\000r\000e\000n\000c\000e}{}% 44
\BOOKMARK [1][]{section.15}{\376\377\000S\000u\000m\000m\000a\000r\000y\000\040\000o\000f\000\040\000A\000r\000c\000h\000i\000t\000e\000c\000t\000u\000r\000a\000l\000\040\000D\000e\000c\000i\000s\000i\000o\000n\000s}{}% 45
